============================================================
OPENMERCURA CRM - COMPREHENSIVE E2E TEST SUITE
============================================================
Base URL: http://localhost:8000
Started: 2026-02-14T14:55:02.973862

============================================================
TESTING: Health and Status
============================================================
[PASS] | Health | Health Check
      Details: {"status": "degraded", "timestamp": "2026-02-14T19:55:05.034102", "uptime_seconds": 41.991395711898804, "database": "sqlite", "checks": [{"name": "database", "status": "healthy", "response_time_ms": 4...
[PASS] | Health | Root Endpoint
      Details: "<!doctype html>\n<html lang=\"en\">\n  <head>\n    <meta charset=\"UTF-8\" />\n    <link rel=\"icon\" type=\"image/svg+xml\" href=\"/vite.svg\" />\n    <meta name=\"viewport\" content=\"width=device-...
[PASS] | Health | API Docs Available
      Details: API docs accessible

============================================================
TESTING: Authentication
============================================================
[FAIL] | Auth | User Registration
      Details: {'status': 422, 'data': {'detail': [{'type': 'missing', 'loc': ['body', 'company_name'], 'msg': 'Field required', 'input': {'email': 'test_1771098909@example.com', 'password': 'TestPassword123!', 'nam...
[PASS] | Auth | User Login
      Details: Token received
[PASS] | Auth | Invalid Login Rejected
      Details: Correctly rejected invalid credentials
[PASS] | Auth | Missing Credentials Rejected
      Details: Correctly rejected empty request

============================================================
TESTING: Organization Management
============================================================
[FAIL] | Organization | Create Organization
      Details: {'status': 403, 'data': {'detail': 'CSRF token missing. Please refresh the page and try again.'}}
[FAIL] | Organization | List Organizations
      Details: {'status': 404, 'data': {'detail': 'Not Found'}}
[PASS] | Organization | Unauthorized Access Rejected
      Details: Correctly rejected unauthenticated request

============================================================
TESTING: Customer Management
============================================================
[FAIL] | Customer | Create Customer
      Details: {'status': 403, 'data': {'detail': 'CSRF token missing. Please refresh the page and try again.'}}
[FAIL] | Customer | List Customers
      Details: {'status': 401, 'data': {'detail': 'Missing authorization'}}
[PASS] | Customer | Invalid Data Handling
      Details: Correctly rejected invalid data

============================================================
TESTING: Quote Management
============================================================
[FAIL] | Quote | Create Quote
      Details: {'status': 403, 'data': {'detail': 'CSRF token missing. Please refresh the page and try again.'}}
[FAIL] | Quote | List Quotes
      Details: {'status': 401, 'data': {'detail': 'Missing authorization'}}
[PASS] | Quote | Empty Quote Handling
      Details: Correctly rejected empty quote

============================================================
TESTING: Email Functionality
============================================================
[FAIL] | Email | Get Email Config
      Details: {'status': 404, 'data': {'detail': 'Not Found'}}
[FAIL] | Email | Send Email Endpoint
      Details: {'status': 403, 'data': {'detail': 'CSRF token missing. Please refresh the page and try again.'}}

============================================================
TESTING: Smart Extraction (RFQ)
============================================================
[FAIL] | Extraction | RFQ Text Extraction
      Details: {'status': 403, 'data': {'detail': 'CSRF token missing. Please refresh the page and try again.'}}
[FAIL] | Extraction | Auto Type Detection
      Details: {'status': 403, 'data': {'detail': 'CSRF token missing. Please refresh the page and try again.'}}
[PASS] | Extraction | Empty Text Handling
      Details: Correctly rejected empty text

============================================================
TESTING: Image Extraction
============================================================
[PASS] | Image | Image Extraction Endpoint
      Details: Endpoint accessible

============================================================
TESTING: Alerts System
============================================================
[FAIL] | Alerts | List Alerts
      Details: {'status': 401, 'data': {'detail': 'Missing authorization'}}
[FAIL] | Alerts | Create Alert
      Details: {'status': 403, 'data': {'detail': 'CSRF token missing. Please refresh the page and try again.'}}

============================================================
TESTING: Today View Dashboard
============================================================
[FAIL] | Today View | Get Today View
      Details: {'status': 404, 'data': {'detail': 'Not Found'}}
[FAIL] | Today View | Get Today Stats
      Details: {'status': 404, 'data': {'detail': 'Not Found'}}

============================================================
TESTING: Customer Intelligence
============================================================
[FAIL] | Intelligence | Competitor Analysis
      Details: {'status': 401, 'data': {'detail': 'Missing authorization'}}

============================================================
TESTING: Knowledge Base
============================================================
[FAIL] | Knowledge Base | KB Endpoint
      Details: {'status': 404, 'data': {'detail': 'Not Found'}}

============================================================
TESTING: Billing/Subscription
============================================================
[FAIL] | Billing | Get Billing Status
      Details: {'status': 404, 'data': {'detail': 'Not Found'}}
[PASS] | Billing | List Plans
      Details: [{"id": "plan_basic", "name": "Basic", "description": "Perfect for small teams", "price_per_seat": 150.0, "billing_interval": "monthly", "paddle_plan_id": "", "features": ["Unlimited quotes", "Email i...

============================================================
TESTING: QuickBooks Integration
============================================================
[FAIL] | QuickBooks | QB Status Check
      Details: {'status': 401, 'data': {'detail': 'Missing authorization'}}
[FAIL] | QuickBooks | Auth URL Generation
      Details: {'status': 401, 'data': {'detail': 'Missing authorization'}}

============================================================
TESTING: Error Handling
============================================================
[PASS] | Error Handling | 404 Not Found
      Details: Correctly returned 404
[PASS] | Error Handling | Invalid JSON Handling
      Details: Correctly rejected invalid JSON
[PASS] | Error Handling | SQL Injection Prevention
      Details: SQL injection attempt handled
[PASS] | Error Handling | Long Input Handling
      Details: {'status': 401, 'data': {'detail': 'Invalid email or password'}}

============================================================
TESTING: Performance
============================================================
[FAIL] | Performance | Health Endpoint Response Time
      Details: Response time: 2.044s
[PASS] | Performance | Customers List Response Time
      Details: Response time: 2.067s

============================================================
TESTING: Data Integrity
============================================================
[PASS] | Data Integrity | Email Validation
      Details: Correctly rejected invalid email
[PASS] | Data Integrity | Required Field Validation
      Details: Correctly rejected empty customer
[PASS] | Data Integrity | XSS Prevention
      Details: {'status': 403, 'data': {'detail': 'CSRF token missing. Please refresh the page and try again.'}}

============================================================
TEST REPORT SUMMARY
============================================================

Total Tests: 41
Passed: 20 (48.8%)
Failed: 21 (51.2%)

[CRIT] Critical Failures: 5
   - Auth: User Registration
   - Customer: Create Customer
   - Customer: List Customers
   - Quote: Create Quote
   - Quote: List Quotes

[HIGH] High Severity Failures: 5
   - Organization: Create Organization
   - Organization: List Organizations
   - Extraction: RFQ Text Extraction
   - Today View: Get Today View
   - Performance: Health Endpoint Response Time

[MED] Medium Severity Failures: 10
   - Email: Get Email Config
   - Email: Send Email Endpoint
   - Extraction: Auto Type Detection
   - Alerts: List Alerts
   - Alerts: Create Alert
   - Today View: Get Today Stats
   - Intelligence: Competitor Analysis
   - Knowledge Base: KB Endpoint
   - Billing: Get Billing Status
   - QuickBooks: QB Status Check

Detailed report saved to: test_report_api.json

============================================================
CRITICAL TESTS FAILED - REVIEW REQUIRED
============================================================
